Analysis & Synthesis report for TOP_UART
Sun Jan 12 22:07:55 2025
Quartus Prime Version 23.1std.1 Build 993 05/14/2024 SC Lite Edition


---------------------
; Table of Contents ;
---------------------
  1. Legal Notice
  2. Analysis & Synthesis Summary
  3. Analysis & Synthesis Settings
  4. Parallel Compilation
  5. Analysis & Synthesis Source Files Read
  6. Analysis & Synthesis Resource Usage Summary
  7. Analysis & Synthesis Resource Utilization by Entity
  8. State Machine - |TOP_UART|CFB:CFB_inst|currentstate
  9. State Machine - |TOP_UART|CFB:CFB_inst|LEA_128:LEA_128_inst|currentstate
 10. State Machine - |TOP_UART|UART_TX:UART_TX_inst|r_SM_Main
 11. State Machine - |TOP_UART|UART_RX:UART_RX_inst|r_SM_Main
 12. General Register Statistics
 13. Inverted Register Statistics
 14. Multiplexer Restructuring Statistics (Restructuring Performed)
 15. Parameter Settings for User Entity Instance: Top-level Entity: |TOP_UART
 16. Parameter Settings for User Entity Instance: UART_RX:UART_RX_inst
 17. Parameter Settings for User Entity Instance: UART_TX:UART_TX_inst
 18. Port Connectivity Checks: "CFB:CFB_inst|LEA_128:LEA_128_inst|register_32bit:\gen_P_Registers:3:P_Register"
 19. Port Connectivity Checks: "CFB:CFB_inst|LEA_128:LEA_128_inst|register_32bit:\gen_P_Registers:2:P_Register"
 20. Port Connectivity Checks: "CFB:CFB_inst|LEA_128:LEA_128_inst|register_32bit:\gen_P_Registers:1:P_Register"
 21. Port Connectivity Checks: "CFB:CFB_inst|LEA_128:LEA_128_inst|register_32bit:\gen_P_Registers:0:P_Register"
 22. Port Connectivity Checks: "CFB:CFB_inst|LEA_128:LEA_128_inst|register_32bit:\gen_T_Registers:3:T_Register"
 23. Port Connectivity Checks: "CFB:CFB_inst|LEA_128:LEA_128_inst|register_32bit:\gen_T_Registers:2:T_Register"
 24. Port Connectivity Checks: "CFB:CFB_inst|LEA_128:LEA_128_inst|register_32bit:\gen_T_Registers:1:T_Register"
 25. Port Connectivity Checks: "CFB:CFB_inst|LEA_128:LEA_128_inst|register_32bit:\gen_T_Registers:0:T_Register"
 26. Port Connectivity Checks: "CFB:CFB_inst|LEA_128:LEA_128_inst|mux2to1_32bit:\gen_C_Multiplexers:3:C_Multiplexer"
 27. Port Connectivity Checks: "CFB:CFB_inst|LEA_128:LEA_128_inst|mux2to1_32bit:\gen_C_Multiplexers:2:C_Multiplexer"
 28. Port Connectivity Checks: "CFB:CFB_inst|LEA_128:LEA_128_inst|mux2to1_32bit:\gen_C_Multiplexers:1:C_Multiplexer"
 29. Port Connectivity Checks: "CFB:CFB_inst|LEA_128:LEA_128_inst|mux2to1_32bit:\gen_C_Multiplexers:0:C_Multiplexer"
 30. Port Connectivity Checks: "CFB:CFB_inst|LEA_128:LEA_128_inst|register_32bit:\gen_C_Registers:3:C_Register"
 31. Port Connectivity Checks: "CFB:CFB_inst|LEA_128:LEA_128_inst|register_32bit:\gen_C_Registers:2:C_Register"
 32. Port Connectivity Checks: "CFB:CFB_inst|LEA_128:LEA_128_inst|register_32bit:\gen_C_Registers:1:C_Register"
 33. Port Connectivity Checks: "CFB:CFB_inst|LEA_128:LEA_128_inst|register_32bit:\gen_C_Registers:0:C_Register"
 34. Port Connectivity Checks: "CFB:CFB_inst|LEA_128:LEA_128_inst"
 35. Port Connectivity Checks: "CFB:CFB_inst|mux2to1_128bit:IVMUX"
 36. Port Connectivity Checks: "UART_TX:UART_TX_inst"
 37. Port Connectivity Checks: "UART_RX:UART_RX_inst"
 38. Post-Synthesis Netlist Statistics for Top Partition
 39. Elapsed Time Per Partition
 40. Analysis & Synthesis Messages



----------------
; Legal Notice ;
----------------
Copyright (C) 2024  Intel Corporation. All rights reserved.
Your use of Intel Corporation's design tools, logic functions 
and other software and tools, and any partner logic 
functions, and any output files from any of the foregoing 
(including device programming or simulation files), and any 
associated documentation or information are expressly subject 
to the terms and conditions of the Intel Program License 
Subscription Agreement, the Intel Quartus Prime License Agreement,
the Intel FPGA IP License Agreement, or other applicable license
agreement, including, without limitation, that your use is for
the sole purpose of programming logic devices manufactured by
Intel and sold by Intel or its authorized distributors.  Please
refer to the applicable agreement for further details, at
https://fpgasoftware.intel.com/eula.



+-------------------------------------------------------------------------------------+
; Analysis & Synthesis Summary                                                        ;
+------------------------------------+------------------------------------------------+
; Analysis & Synthesis Status        ; Successful - Sun Jan 12 22:07:55 2025          ;
; Quartus Prime Version              ; 23.1std.1 Build 993 05/14/2024 SC Lite Edition ;
; Revision Name                      ; TOP_UART                                       ;
; Top-level Entity Name              ; TOP_UART                                       ;
; Family                             ; Cyclone IV E                                   ;
; Total logic elements               ; 1,729                                          ;
;     Total combinational functions  ; 1,470                                          ;
;     Dedicated logic registers      ; 1,235                                          ;
; Total registers                    ; 1235                                           ;
; Total pins                         ; 8                                              ;
; Total virtual pins                 ; 0                                              ;
; Total memory bits                  ; 0                                              ;
; Embedded Multiplier 9-bit elements ; 0                                              ;
; Total PLLs                         ; 0                                              ;
+------------------------------------+------------------------------------------------+


+------------------------------------------------------------------------------------------------------------+
; Analysis & Synthesis Settings                                                                              ;
+------------------------------------------------------------------+--------------------+--------------------+
; Option                                                           ; Setting            ; Default Value      ;
+------------------------------------------------------------------+--------------------+--------------------+
; Device                                                           ; EP4CE6E22C8        ;                    ;
; Top-level entity name                                            ; TOP_UART           ; TOP_UART           ;
; Family name                                                      ; Cyclone IV E       ; Cyclone V          ;
; Use smart compilation                                            ; Off                ; Off                ;
; Enable parallel Assembler and Timing Analyzer during compilation ; On                 ; On                 ;
; Enable compact report table                                      ; Off                ; Off                ;
; Restructure Multiplexers                                         ; Auto               ; Auto               ;
; Create Debugging Nodes for IP Cores                              ; Off                ; Off                ;
; Preserve fewer node names                                        ; On                 ; On                 ;
; Intel FPGA IP Evaluation Mode                                    ; Enable             ; Enable             ;
; Verilog Version                                                  ; Verilog_2001       ; Verilog_2001       ;
; VHDL Version                                                     ; VHDL_1993          ; VHDL_1993          ;
; State Machine Processing                                         ; Auto               ; Auto               ;
; Safe State Machine                                               ; Off                ; Off                ;
; Extract Verilog State Machines                                   ; On                 ; On                 ;
; Extract VHDL State Machines                                      ; On                 ; On                 ;
; Ignore Verilog initial constructs                                ; Off                ; Off                ;
; Iteration limit for constant Verilog loops                       ; 5000               ; 5000               ;
; Iteration limit for non-constant Verilog loops                   ; 250                ; 250                ;
; Add Pass-Through Logic to Inferred RAMs                          ; On                 ; On                 ;
; Infer RAMs from Raw Logic                                        ; On                 ; On                 ;
; Parallel Synthesis                                               ; On                 ; On                 ;
; DSP Block Balancing                                              ; Auto               ; Auto               ;
; NOT Gate Push-Back                                               ; On                 ; On                 ;
; Power-Up Don't Care                                              ; On                 ; On                 ;
; Remove Redundant Logic Cells                                     ; Off                ; Off                ;
; Remove Duplicate Registers                                       ; On                 ; On                 ;
; Ignore CARRY Buffers                                             ; Off                ; Off                ;
; Ignore CASCADE Buffers                                           ; Off                ; Off                ;
; Ignore GLOBAL Buffers                                            ; Off                ; Off                ;
; Ignore ROW GLOBAL Buffers                                        ; Off                ; Off                ;
; Ignore LCELL Buffers                                             ; Off                ; Off                ;
; Ignore SOFT Buffers                                              ; On                 ; On                 ;
; Limit AHDL Integers to 32 Bits                                   ; Off                ; Off                ;
; Optimization Technique                                           ; Balanced           ; Balanced           ;
; Carry Chain Length                                               ; 70                 ; 70                 ;
; Auto Carry Chains                                                ; On                 ; On                 ;
; Auto Open-Drain Pins                                             ; On                 ; On                 ;
; Perform WYSIWYG Primitive Resynthesis                            ; Off                ; Off                ;
; Auto ROM Replacement                                             ; On                 ; On                 ;
; Auto RAM Replacement                                             ; On                 ; On                 ;
; Auto DSP Block Replacement                                       ; On                 ; On                 ;
; Auto Shift Register Replacement                                  ; Auto               ; Auto               ;
; Allow Shift Register Merging across Hierarchies                  ; Auto               ; Auto               ;
; Auto Clock Enable Replacement                                    ; On                 ; On                 ;
; Strict RAM Replacement                                           ; Off                ; Off                ;
; Allow Synchronous Control Signals                                ; On                 ; On                 ;
; Force Use of Synchronous Clear Signals                           ; Off                ; Off                ;
; Auto RAM Block Balancing                                         ; On                 ; On                 ;
; Auto RAM to Logic Cell Conversion                                ; Off                ; Off                ;
; Auto Resource Sharing                                            ; Off                ; Off                ;
; Allow Any RAM Size For Recognition                               ; Off                ; Off                ;
; Allow Any ROM Size For Recognition                               ; Off                ; Off                ;
; Allow Any Shift Register Size For Recognition                    ; Off                ; Off                ;
; Use LogicLock Constraints during Resource Balancing              ; On                 ; On                 ;
; Ignore translate_off and synthesis_off directives                ; Off                ; Off                ;
; Timing-Driven Synthesis                                          ; On                 ; On                 ;
; Report Parameter Settings                                        ; On                 ; On                 ;
; Report Source Assignments                                        ; On                 ; On                 ;
; Report Connectivity Checks                                       ; On                 ; On                 ;
; Ignore Maximum Fan-Out Assignments                               ; Off                ; Off                ;
; Synchronization Register Chain Length                            ; 2                  ; 2                  ;
; Power Optimization During Synthesis                              ; Normal compilation ; Normal compilation ;
; HDL message level                                                ; Level2             ; Level2             ;
; Suppress Register Optimization Related Messages                  ; Off                ; Off                ;
; Number of Removed Registers Reported in Synthesis Report         ; 5000               ; 5000               ;
; Number of Swept Nodes Reported in Synthesis Report               ; 5000               ; 5000               ;
; Number of Inverted Registers Reported in Synthesis Report        ; 100                ; 100                ;
; Clock MUX Protection                                             ; On                 ; On                 ;
; Auto Gated Clock Conversion                                      ; Off                ; Off                ;
; Block Design Naming                                              ; Auto               ; Auto               ;
; SDC constraint protection                                        ; Off                ; Off                ;
; Synthesis Effort                                                 ; Auto               ; Auto               ;
; Shift Register Replacement - Allow Asynchronous Clear Signal     ; On                 ; On                 ;
; Pre-Mapping Resynthesis Optimization                             ; Off                ; Off                ;
; Analysis & Synthesis Message Level                               ; Medium             ; Medium             ;
; Disable Register Merging Across Hierarchies                      ; Auto               ; Auto               ;
; Resource Aware Inference For Block RAM                           ; On                 ; On                 ;
+------------------------------------------------------------------+--------------------+--------------------+


+------------------------------------------+
; Parallel Compilation                     ;
+----------------------------+-------------+
; Processors                 ; Number      ;
+----------------------------+-------------+
; Number detected on machine ; 4           ;
; Maximum allowed            ; 4           ;
;                            ;             ;
; Average used               ; 1.00        ;
; Maximum used               ; 4           ;
;                            ;             ;
; Usage by Processor         ; % Time Used ;
;     Processor 1            ; 100.0%      ;
;     Processor 2            ;   0.1%      ;
;     Processor 3            ;   0.1%      ;
;     Processor 4            ;   0.1%      ;
+----------------------------+-------------+


+------------------------------------------------------------------------------------------------------------------------------------------------------------------+
; Analysis & Synthesis Source Files Read                                                                                                                           ;
+----------------------------------+-----------------+-----------------+---------------------------------------------------------------------------------+---------+
; File Name with User-Entered Path ; Used in Netlist ; File Type       ; File Name with Absolute Path                                                    ; Library ;
+----------------------------------+-----------------+-----------------+---------------------------------------------------------------------------------+---------+
; ../UART_TX.vhd                   ; yes             ; User VHDL File  ; C:/Users/ASUS/Documents/Sisdig/Priv_TUBES_SISDIG/SourceFile/UART_TX.vhd         ;         ;
; ../UART_RX.vhd                   ; yes             ; User VHDL File  ; C:/Users/ASUS/Documents/Sisdig/Priv_TUBES_SISDIG/SourceFile/UART_RX.vhd         ;         ;
; ../TOP_UART.vhd                  ; yes             ; User VHDL File  ; C:/Users/ASUS/Documents/Sisdig/Priv_TUBES_SISDIG/SourceFile/TOP_UART.vhd        ;         ;
; ../reverseinput.vhd              ; yes             ; User VHDL File  ; C:/Users/ASUS/Documents/Sisdig/Priv_TUBES_SISDIG/SourceFile/reverseinput.vhd    ;         ;
; ../register_128bit.vhd           ; yes             ; User VHDL File  ; C:/Users/ASUS/Documents/Sisdig/Priv_TUBES_SISDIG/SourceFile/register_128bit.vhd ;         ;
; ../register_32bit.vhd            ; yes             ; User VHDL File  ; C:/Users/ASUS/Documents/Sisdig/Priv_TUBES_SISDIG/SourceFile/register_32bit.vhd  ;         ;
; ../mux2to1_128bit.vhd            ; yes             ; User VHDL File  ; C:/Users/ASUS/Documents/Sisdig/Priv_TUBES_SISDIG/SourceFile/mux2to1_128bit.vhd  ;         ;
; ../mux2to1_32bit.vhd             ; yes             ; User VHDL File  ; C:/Users/ASUS/Documents/Sisdig/Priv_TUBES_SISDIG/SourceFile/mux2to1_32bit.vhd   ;         ;
; ../LEA_128.vhd                   ; yes             ; User VHDL File  ; C:/Users/ASUS/Documents/Sisdig/Priv_TUBES_SISDIG/SourceFile/LEA_128.vhd         ;         ;
; ../counter_24.vhd                ; yes             ; User VHDL File  ; C:/Users/ASUS/Documents/Sisdig/Priv_TUBES_SISDIG/SourceFile/counter_24.vhd      ;         ;
; ../CFB.vhd                       ; yes             ; User VHDL File  ; C:/Users/ASUS/Documents/Sisdig/Priv_TUBES_SISDIG/SourceFile/CFB.vhd             ;         ;
+----------------------------------+-----------------+-----------------+---------------------------------------------------------------------------------+---------+


+-----------------------------------------------------------+
; Analysis & Synthesis Resource Usage Summary               ;
+---------------------------------------------+-------------+
; Resource                                    ; Usage       ;
+---------------------------------------------+-------------+
; Estimated Total logic elements              ; 1,729       ;
;                                             ;             ;
; Total combinational functions               ; 1470        ;
; Logic element usage by number of LUT inputs ;             ;
;     -- 4 input functions                    ; 406         ;
;     -- 3 input functions                    ; 413         ;
;     -- <=2 input functions                  ; 651         ;
;                                             ;             ;
; Logic elements by mode                      ;             ;
;     -- normal mode                          ; 1227        ;
;     -- arithmetic mode                      ; 243         ;
;                                             ;             ;
; Total registers                             ; 1235        ;
;     -- Dedicated logic registers            ; 1235        ;
;     -- I/O registers                        ; 0           ;
;                                             ;             ;
; I/O pins                                    ; 8           ;
;                                             ;             ;
; Embedded Multiplier 9-bit elements          ; 0           ;
;                                             ;             ;
; Maximum fan-out node                        ; i_clk~input ;
; Maximum fan-out                             ; 1235        ;
; Total fan-out                               ; 8054        ;
; Average fan-out                             ; 2.96        ;
+---------------------------------------------+-------------+


+--------------------------------------------------------------------------------------------------------------------------------------------------------------------------------------------------------------------------------------------------------------------------------------------------------------------------+
; Analysis & Synthesis Resource Utilization by Entity                                                                                                                                                                                                                                                                      ;
+--------------------------------------------------------------+---------------------+---------------------------+-------------+--------------+---------+-----------+------+--------------+-----------------------------------------------------------------------------------------------+-----------------+--------------+
; Compilation Hierarchy Node                                   ; Combinational ALUTs ; Dedicated Logic Registers ; Memory Bits ; DSP Elements ; DSP 9x9 ; DSP 18x18 ; Pins ; Virtual Pins ; Full Hierarchy Name                                                                           ; Entity Name     ; Library Name ;
+--------------------------------------------------------------+---------------------+---------------------------+-------------+--------------+---------+-----------+------+--------------+-----------------------------------------------------------------------------------------------+-----------------+--------------+
; |TOP_UART                                                    ; 1470 (1)            ; 1235 (1)                  ; 0           ; 0            ; 0       ; 0         ; 8    ; 0            ; |TOP_UART                                                                                     ; TOP_UART        ; work         ;
;    |CFB:CFB_inst|                                            ; 1114 (138)          ; 655 (6)                   ; 0           ; 0            ; 0       ; 0         ; 0    ; 0            ; |TOP_UART|CFB:CFB_inst                                                                        ; CFB             ; work         ;
;       |LEA_128:LEA_128_inst|                                 ; 718 (326)           ; 393 (4)                   ; 0           ; 0            ; 0       ; 0         ; 0    ; 0            ; |TOP_UART|CFB:CFB_inst|LEA_128:LEA_128_inst                                                   ; LEA_128         ; work         ;
;          |counter_24:counter_24_inst|                        ; 8 (8)               ; 5 (5)                     ; 0           ; 0            ; 0       ; 0         ; 0    ; 0            ; |TOP_UART|CFB:CFB_inst|LEA_128:LEA_128_inst|counter_24:counter_24_inst                        ; counter_24      ; work         ;
;          |mux2to1_32bit:PMUX3|                               ; 32 (32)             ; 0 (0)                     ; 0           ; 0            ; 0       ; 0         ; 0    ; 0            ; |TOP_UART|CFB:CFB_inst|LEA_128:LEA_128_inst|mux2to1_32bit:PMUX3                               ; mux2to1_32bit   ; work         ;
;          |mux2to1_32bit:\gen_C_Multiplexers:0:C_Multiplexer| ; 32 (32)             ; 0 (0)                     ; 0           ; 0            ; 0       ; 0         ; 0    ; 0            ; |TOP_UART|CFB:CFB_inst|LEA_128:LEA_128_inst|mux2to1_32bit:\gen_C_Multiplexers:0:C_Multiplexer ; mux2to1_32bit   ; work         ;
;          |mux2to1_32bit:\gen_C_Multiplexers:1:C_Multiplexer| ; 32 (32)             ; 0 (0)                     ; 0           ; 0            ; 0       ; 0         ; 0    ; 0            ; |TOP_UART|CFB:CFB_inst|LEA_128:LEA_128_inst|mux2to1_32bit:\gen_C_Multiplexers:1:C_Multiplexer ; mux2to1_32bit   ; work         ;
;          |mux2to1_32bit:\gen_C_Multiplexers:2:C_Multiplexer| ; 32 (32)             ; 0 (0)                     ; 0           ; 0            ; 0       ; 0         ; 0    ; 0            ; |TOP_UART|CFB:CFB_inst|LEA_128:LEA_128_inst|mux2to1_32bit:\gen_C_Multiplexers:2:C_Multiplexer ; mux2to1_32bit   ; work         ;
;          |mux2to1_32bit:\gen_C_Multiplexers:3:C_Multiplexer| ; 32 (32)             ; 0 (0)                     ; 0           ; 0            ; 0       ; 0         ; 0    ; 0            ; |TOP_UART|CFB:CFB_inst|LEA_128:LEA_128_inst|mux2to1_32bit:\gen_C_Multiplexers:3:C_Multiplexer ; mux2to1_32bit   ; work         ;
;          |mux2to1_32bit:\gen_T_Multiplexers:0:T_Multiplexer| ; 32 (32)             ; 0 (0)                     ; 0           ; 0            ; 0       ; 0         ; 0    ; 0            ; |TOP_UART|CFB:CFB_inst|LEA_128:LEA_128_inst|mux2to1_32bit:\gen_T_Multiplexers:0:T_Multiplexer ; mux2to1_32bit   ; work         ;
;          |mux2to1_32bit:\gen_T_Multiplexers:1:T_Multiplexer| ; 32 (32)             ; 0 (0)                     ; 0           ; 0            ; 0       ; 0         ; 0    ; 0            ; |TOP_UART|CFB:CFB_inst|LEA_128:LEA_128_inst|mux2to1_32bit:\gen_T_Multiplexers:1:T_Multiplexer ; mux2to1_32bit   ; work         ;
;          |mux2to1_32bit:\gen_T_Multiplexers:2:T_Multiplexer| ; 32 (32)             ; 0 (0)                     ; 0           ; 0            ; 0       ; 0         ; 0    ; 0            ; |TOP_UART|CFB:CFB_inst|LEA_128:LEA_128_inst|mux2to1_32bit:\gen_T_Multiplexers:2:T_Multiplexer ; mux2to1_32bit   ; work         ;
;          |mux2to1_32bit:\gen_T_Multiplexers:3:T_Multiplexer| ; 32 (32)             ; 0 (0)                     ; 0           ; 0            ; 0       ; 0         ; 0    ; 0            ; |TOP_UART|CFB:CFB_inst|LEA_128:LEA_128_inst|mux2to1_32bit:\gen_T_Multiplexers:3:T_Multiplexer ; mux2to1_32bit   ; work         ;
;          |register_32bit:\gen_C_Registers:0:C_Register|      ; 0 (0)               ; 32 (32)                   ; 0           ; 0            ; 0       ; 0         ; 0    ; 0            ; |TOP_UART|CFB:CFB_inst|LEA_128:LEA_128_inst|register_32bit:\gen_C_Registers:0:C_Register      ; register_32bit  ; work         ;
;          |register_32bit:\gen_C_Registers:1:C_Register|      ; 0 (0)               ; 32 (32)                   ; 0           ; 0            ; 0       ; 0         ; 0    ; 0            ; |TOP_UART|CFB:CFB_inst|LEA_128:LEA_128_inst|register_32bit:\gen_C_Registers:1:C_Register      ; register_32bit  ; work         ;
;          |register_32bit:\gen_C_Registers:2:C_Register|      ; 0 (0)               ; 32 (32)                   ; 0           ; 0            ; 0       ; 0         ; 0    ; 0            ; |TOP_UART|CFB:CFB_inst|LEA_128:LEA_128_inst|register_32bit:\gen_C_Registers:2:C_Register      ; register_32bit  ; work         ;
;          |register_32bit:\gen_C_Registers:3:C_Register|      ; 0 (0)               ; 32 (32)                   ; 0           ; 0            ; 0       ; 0         ; 0    ; 0            ; |TOP_UART|CFB:CFB_inst|LEA_128:LEA_128_inst|register_32bit:\gen_C_Registers:3:C_Register      ; register_32bit  ; work         ;
;          |register_32bit:\gen_P_Registers:0:P_Register|      ; 32 (32)             ; 32 (32)                   ; 0           ; 0            ; 0       ; 0         ; 0    ; 0            ; |TOP_UART|CFB:CFB_inst|LEA_128:LEA_128_inst|register_32bit:\gen_P_Registers:0:P_Register      ; register_32bit  ; work         ;
;          |register_32bit:\gen_P_Registers:1:P_Register|      ; 32 (32)             ; 32 (32)                   ; 0           ; 0            ; 0       ; 0         ; 0    ; 0            ; |TOP_UART|CFB:CFB_inst|LEA_128:LEA_128_inst|register_32bit:\gen_P_Registers:1:P_Register      ; register_32bit  ; work         ;
;          |register_32bit:\gen_P_Registers:2:P_Register|      ; 32 (32)             ; 32 (32)                   ; 0           ; 0            ; 0       ; 0         ; 0    ; 0            ; |TOP_UART|CFB:CFB_inst|LEA_128:LEA_128_inst|register_32bit:\gen_P_Registers:2:P_Register      ; register_32bit  ; work         ;
;          |register_32bit:\gen_P_Registers:3:P_Register|      ; 0 (0)               ; 32 (32)                   ; 0           ; 0            ; 0       ; 0         ; 0    ; 0            ; |TOP_UART|CFB:CFB_inst|LEA_128:LEA_128_inst|register_32bit:\gen_P_Registers:3:P_Register      ; register_32bit  ; work         ;
;          |register_32bit:\gen_T_Registers:0:T_Register|      ; 0 (0)               ; 32 (32)                   ; 0           ; 0            ; 0       ; 0         ; 0    ; 0            ; |TOP_UART|CFB:CFB_inst|LEA_128:LEA_128_inst|register_32bit:\gen_T_Registers:0:T_Register      ; register_32bit  ; work         ;
;          |register_32bit:\gen_T_Registers:1:T_Register|      ; 0 (0)               ; 32 (32)                   ; 0           ; 0            ; 0       ; 0         ; 0    ; 0            ; |TOP_UART|CFB:CFB_inst|LEA_128:LEA_128_inst|register_32bit:\gen_T_Registers:1:T_Register      ; register_32bit  ; work         ;
;          |register_32bit:\gen_T_Registers:2:T_Register|      ; 0 (0)               ; 32 (32)                   ; 0           ; 0            ; 0       ; 0         ; 0    ; 0            ; |TOP_UART|CFB:CFB_inst|LEA_128:LEA_128_inst|register_32bit:\gen_T_Registers:2:T_Register      ; register_32bit  ; work         ;
;          |register_32bit:\gen_T_Registers:3:T_Register|      ; 0 (0)               ; 32 (32)                   ; 0           ; 0            ; 0       ; 0         ; 0    ; 0            ; |TOP_UART|CFB:CFB_inst|LEA_128:LEA_128_inst|register_32bit:\gen_T_Registers:3:T_Register      ; register_32bit  ; work         ;
;       |register_128bit:Key|                                  ; 129 (129)           ; 128 (128)                 ; 0           ; 0            ; 0       ; 0         ; 0    ; 0            ; |TOP_UART|CFB:CFB_inst|register_128bit:Key                                                    ; register_128bit ; work         ;
;       |register_128bit:Ptx|                                  ; 129 (129)           ; 128 (128)                 ; 0           ; 0            ; 0       ; 0         ; 0    ; 0            ; |TOP_UART|CFB:CFB_inst|register_128bit:Ptx                                                    ; register_128bit ; work         ;
;    |UART_RX:UART_RX_inst|                                    ; 82 (82)             ; 161 (161)                 ; 0           ; 0            ; 0       ; 0         ; 0    ; 0            ; |TOP_UART|UART_RX:UART_RX_inst                                                                ; UART_RX         ; work         ;
;    |UART_TX:UART_TX_inst|                                    ; 143 (143)           ; 162 (162)                 ; 0           ; 0            ; 0       ; 0         ; 0    ; 0            ; |TOP_UART|UART_TX:UART_TX_inst                                                                ; UART_TX         ; work         ;
;    |register_128bit:Masterkey_REG|                           ; 1 (1)               ; 128 (128)                 ; 0           ; 0            ; 0       ; 0         ; 0    ; 0            ; |TOP_UART|register_128bit:Masterkey_REG                                                       ; register_128bit ; work         ;
;    |register_128bit:Plaintext_REG|                           ; 129 (129)           ; 128 (128)                 ; 0           ; 0            ; 0       ; 0         ; 0    ; 0            ; |TOP_UART|register_128bit:Plaintext_REG                                                       ; register_128bit ; work         ;
+--------------------------------------------------------------+---------------------+---------------------------+-------------+--------------+---------+-----------+------+--------------+-----------------------------------------------------------------------------------------------+-----------------+--------------+
Note: For table entries with two numbers listed, the numbers in parentheses indicate the number of resources of the given type used by the specific entity alone. The numbers listed outside of parentheses indicate the total resources of the given type used by the specific entity and all of its sub-entities in the hierarchy.


Encoding Type:  One-Hot
+--------------------------------------------------------------------------------------------------------------------------------------------------------------------------------------+
; State Machine - |TOP_UART|CFB:CFB_inst|currentstate                                                                                                                                  ;
+---------------------------------+---------------------------------+------------------------+----------------------+----------------------+-----------------------+-------------------+
; Name                            ; currentstate.WAIT_FOR_PLAINTEXT ; currentstate.SEND_DATA ; currentstate.LOAD_IV ; currentstate.ENCRYPT ; currentstate.LOAD_KEY ; currentstate.IDLE ;
+---------------------------------+---------------------------------+------------------------+----------------------+----------------------+-----------------------+-------------------+
; currentstate.IDLE               ; 0                               ; 0                      ; 0                    ; 0                    ; 0                     ; 0                 ;
; currentstate.LOAD_KEY           ; 0                               ; 0                      ; 0                    ; 0                    ; 1                     ; 1                 ;
; currentstate.ENCRYPT            ; 0                               ; 0                      ; 0                    ; 1                    ; 0                     ; 1                 ;
; currentstate.LOAD_IV            ; 0                               ; 0                      ; 1                    ; 0                    ; 0                     ; 1                 ;
; currentstate.SEND_DATA          ; 0                               ; 1                      ; 0                    ; 0                    ; 0                     ; 1                 ;
; currentstate.WAIT_FOR_PLAINTEXT ; 1                               ; 0                      ; 0                    ; 0                    ; 0                     ; 1                 ;
+---------------------------------+---------------------------------+------------------------+----------------------+----------------------+-----------------------+-------------------+


Encoding Type:  One-Hot
+-----------------------------------------------------------------------------------------+
; State Machine - |TOP_UART|CFB:CFB_inst|LEA_128:LEA_128_inst|currentstate                ;
+-----------------+-----------------+-----------------+-----------------+-----------------+
; Name            ; currentstate.S4 ; currentstate.S3 ; currentstate.S2 ; currentstate.S1 ;
+-----------------+-----------------+-----------------+-----------------+-----------------+
; currentstate.S1 ; 0               ; 0               ; 0               ; 0               ;
; currentstate.S2 ; 0               ; 0               ; 1               ; 1               ;
; currentstate.S3 ; 0               ; 1               ; 0               ; 1               ;
; currentstate.S4 ; 1               ; 0               ; 0               ; 1               ;
+-----------------+-----------------+-----------------+-----------------+-----------------+


Encoding Type:  One-Hot
+---------------------------------------------------------------------------------------------------------------------------------------------------------------------------+
; State Machine - |TOP_UART|UART_TX:UART_TX_inst|r_SM_Main                                                                                                                  ;
+--------------------------+-----------------------+---------------------+-------------------------+--------------------------+--------------------------+------------------+
; Name                     ; r_SM_Main.s_Next_Byte ; r_SM_Main.s_Cleanup ; r_SM_Main.s_TX_Stop_Bit ; r_SM_Main.s_TX_Data_Bits ; r_SM_Main.s_TX_Start_Bit ; r_SM_Main.s_Idle ;
+--------------------------+-----------------------+---------------------+-------------------------+--------------------------+--------------------------+------------------+
; r_SM_Main.s_Idle         ; 0                     ; 0                   ; 0                       ; 0                        ; 0                        ; 0                ;
; r_SM_Main.s_TX_Start_Bit ; 0                     ; 0                   ; 0                       ; 0                        ; 1                        ; 1                ;
; r_SM_Main.s_TX_Data_Bits ; 0                     ; 0                   ; 0                       ; 1                        ; 0                        ; 1                ;
; r_SM_Main.s_TX_Stop_Bit  ; 0                     ; 0                   ; 1                       ; 0                        ; 0                        ; 1                ;
; r_SM_Main.s_Cleanup      ; 0                     ; 1                   ; 0                       ; 0                        ; 0                        ; 1                ;
; r_SM_Main.s_Next_Byte    ; 1                     ; 0                   ; 0                       ; 0                        ; 0                        ; 1                ;
+--------------------------+-----------------------+---------------------+-------------------------+--------------------------+--------------------------+------------------+


Encoding Type:  One-Hot
+---------------------------------------------------------------------------------------------------------------------------------------------------+
; State Machine - |TOP_UART|UART_RX:UART_RX_inst|r_SM_Main                                                                                          ;
+--------------------------+---------------------+-------------------------+--------------------------+--------------------------+------------------+
; Name                     ; r_SM_Main.s_Cleanup ; r_SM_Main.s_RX_Stop_Bit ; r_SM_Main.s_RX_Data_Bits ; r_SM_Main.s_RX_Start_Bit ; r_SM_Main.s_Idle ;
+--------------------------+---------------------+-------------------------+--------------------------+--------------------------+------------------+
; r_SM_Main.s_Idle         ; 0                   ; 0                       ; 0                        ; 0                        ; 0                ;
; r_SM_Main.s_RX_Start_Bit ; 0                   ; 0                       ; 0                        ; 1                        ; 1                ;
; r_SM_Main.s_RX_Data_Bits ; 0                   ; 0                       ; 1                        ; 0                        ; 1                ;
; r_SM_Main.s_RX_Stop_Bit  ; 0                   ; 1                       ; 0                        ; 0                        ; 1                ;
; r_SM_Main.s_Cleanup      ; 1                   ; 0                       ; 0                        ; 0                        ; 1                ;
+--------------------------+---------------------+-------------------------+--------------------------+--------------------------+------------------+


+------------------------------------------------------+
; General Register Statistics                          ;
+----------------------------------------------+-------+
; Statistic                                    ; Value ;
+----------------------------------------------+-------+
; Total registers                              ; 1235  ;
; Number of registers using Synchronous Clear  ; 25    ;
; Number of registers using Synchronous Load   ; 96    ;
; Number of registers using Asynchronous Clear ; 6     ;
; Number of registers using Asynchronous Load  ; 0     ;
; Number of registers using Clock Enable       ; 1188  ;
; Number of registers using Preset             ; 0     ;
+----------------------------------------------+-------+


+--------------------------------------------------+
; Inverted Register Statistics                     ;
+----------------------------------------+---------+
; Inverted Register                      ; Fan out ;
+----------------------------------------+---------+
; UART_TX:UART_TX_inst|o_TX_Serial       ; 2       ;
; UART_TX:UART_TX_inst|r_Byte_Index[0]   ; 33      ;
; Total number of inverted registers = 2 ;         ;
+----------------------------------------+---------+


+----------------------------------------------------------------------------------------------------------------------------------------------------------------------------------------------------------+
; Multiplexer Restructuring Statistics (Restructuring Performed)                                                                                                                                           ;
+--------------------+-----------+---------------+----------------------+------------------------+------------+--------------------------------------------------------------------------------------------+
; Multiplexer Inputs ; Bus Width ; Baseline Area ; Area if Restructured ; Saving if Restructured ; Registered ; Example Multiplexer Output                                                                 ;
+--------------------+-----------+---------------+----------------------+------------------------+------------+--------------------------------------------------------------------------------------------+
; 3:1                ; 128 bits  ; 256 LEs       ; 128 LEs              ; 128 LEs                ; Yes        ; |TOP_UART|CFB:CFB_inst|register_128bit:Key|temp_data[114]                                  ;
; 3:1                ; 5 bits    ; 10 LEs        ; 5 LEs                ; 5 LEs                  ; Yes        ; |TOP_UART|CFB:CFB_inst|LEA_128:LEA_128_inst|counter_24:counter_24_inst|internal_counter[4] ;
; 3:1                ; 128 bits  ; 256 LEs       ; 128 LEs              ; 128 LEs                ; Yes        ; |TOP_UART|register_128bit:Plaintext_REG|temp_data[22]                                      ;
; 3:1                ; 128 bits  ; 256 LEs       ; 128 LEs              ; 128 LEs                ; Yes        ; |TOP_UART|register_128bit:Masterkey_REG|temp_data[72]                                      ;
; 4:1                ; 128 bits  ; 256 LEs       ; 128 LEs              ; 128 LEs                ; Yes        ; |TOP_UART|CFB:CFB_inst|register_128bit:Ptx|temp_data[88]                                   ;
; 4:1                ; 10 bits   ; 20 LEs        ; 10 LEs               ; 10 LEs                 ; Yes        ; |TOP_UART|UART_TX:UART_TX_inst|r_Clk_Count[9]                                              ;
; 7:1                ; 10 bits   ; 40 LEs        ; 10 LEs               ; 30 LEs                 ; Yes        ; |TOP_UART|UART_RX:UART_RX_inst|r_Clk_Count[0]                                              ;
; 20:1               ; 8 bits    ; 104 LEs       ; 88 LEs               ; 16 LEs                 ; Yes        ; |TOP_UART|UART_TX:UART_TX_inst|r_TX_Data[7]                                                ;
; 3:1                ; 3 bits    ; 6 LEs         ; 6 LEs                ; 0 LEs                  ; No         ; |TOP_UART|UART_TX:UART_TX_inst|r_Bit_Index                                                 ;
; 3:1                ; 3 bits    ; 6 LEs         ; 6 LEs                ; 0 LEs                  ; No         ; |TOP_UART|UART_RX:UART_RX_inst|r_Bit_Index                                                 ;
; 3:1                ; 2 bits    ; 4 LEs         ; 4 LEs                ; 0 LEs                  ; No         ; |TOP_UART|CFB:CFB_inst|LEA_128:LEA_128_inst|s_Res_Ctr                                      ;
; 7:1                ; 2 bits    ; 8 LEs         ; 6 LEs                ; 2 LEs                  ; No         ; |TOP_UART|UART_TX:UART_TX_inst|Selector33                                                  ;
; 7:1                ; 2 bits    ; 8 LEs         ; 4 LEs                ; 4 LEs                  ; No         ; |TOP_UART|UART_RX:UART_RX_inst|Selector18                                                  ;
+--------------------+-----------+---------------+----------------------+------------------------+------------+--------------------------------------------------------------------------------------------+


+--------------------------------------------------------------------------+
; Parameter Settings for User Entity Instance: Top-level Entity: |TOP_UART ;
+----------------+-------+-------------------------------------------------+
; Parameter Name ; Value ; Type                                            ;
+----------------+-------+-------------------------------------------------+
; c_CLKS_PER_BIT ; 868   ; Signed Integer                                  ;
+----------------+-------+-------------------------------------------------+
Note: In order to hide this table in the UI and the text report file, please set the "Show Parameter Settings in Synthesis Report" option in "Analysis and Synthesis Settings -> More Settings" to "Off".


+-------------------------------------------------------------------+
; Parameter Settings for User Entity Instance: UART_RX:UART_RX_inst ;
+----------------+-------+------------------------------------------+
; Parameter Name ; Value ; Type                                     ;
+----------------+-------+------------------------------------------+
; g_clks_per_bit ; 868   ; Signed Integer                           ;
+----------------+-------+------------------------------------------+
Note: In order to hide this table in the UI and the text report file, please set the "Show Parameter Settings in Synthesis Report" option in "Analysis and Synthesis Settings -> More Settings" to "Off".


+-------------------------------------------------------------------+
; Parameter Settings for User Entity Instance: UART_TX:UART_TX_inst ;
+----------------+-------+------------------------------------------+
; Parameter Name ; Value ; Type                                     ;
+----------------+-------+------------------------------------------+
; g_clks_per_bit ; 868   ; Signed Integer                           ;
+----------------+-------+------------------------------------------+
Note: In order to hide this table in the UI and the text report file, please set the "Show Parameter Settings in Synthesis Report" option in "Analysis and Synthesis Settings -> More Settings" to "Off".


+------------------------------------------------------------------------------------------------------------+
; Port Connectivity Checks: "CFB:CFB_inst|LEA_128:LEA_128_inst|register_32bit:\gen_P_Registers:3:P_Register" ;
+------+-------+----------+----------------------------------------------------------------------------------+
; Port ; Type  ; Severity ; Details                                                                          ;
+------+-------+----------+----------------------------------------------------------------------------------+
; res  ; Input ; Info     ; Stuck at GND                                                                     ;
+------+-------+----------+----------------------------------------------------------------------------------+


+------------------------------------------------------------------------------------------------------------+
; Port Connectivity Checks: "CFB:CFB_inst|LEA_128:LEA_128_inst|register_32bit:\gen_P_Registers:2:P_Register" ;
+------+-------+----------+----------------------------------------------------------------------------------+
; Port ; Type  ; Severity ; Details                                                                          ;
+------+-------+----------+----------------------------------------------------------------------------------+
; res  ; Input ; Info     ; Stuck at GND                                                                     ;
+------+-------+----------+----------------------------------------------------------------------------------+


+------------------------------------------------------------------------------------------------------------+
; Port Connectivity Checks: "CFB:CFB_inst|LEA_128:LEA_128_inst|register_32bit:\gen_P_Registers:1:P_Register" ;
+------+-------+----------+----------------------------------------------------------------------------------+
; Port ; Type  ; Severity ; Details                                                                          ;
+------+-------+----------+----------------------------------------------------------------------------------+
; res  ; Input ; Info     ; Stuck at GND                                                                     ;
+------+-------+----------+----------------------------------------------------------------------------------+


+------------------------------------------------------------------------------------------------------------+
; Port Connectivity Checks: "CFB:CFB_inst|LEA_128:LEA_128_inst|register_32bit:\gen_P_Registers:0:P_Register" ;
+------+-------+----------+----------------------------------------------------------------------------------+
; Port ; Type  ; Severity ; Details                                                                          ;
+------+-------+----------+----------------------------------------------------------------------------------+
; res  ; Input ; Info     ; Stuck at GND                                                                     ;
+------+-------+----------+----------------------------------------------------------------------------------+


+------------------------------------------------------------------------------------------------------------+
; Port Connectivity Checks: "CFB:CFB_inst|LEA_128:LEA_128_inst|register_32bit:\gen_T_Registers:3:T_Register" ;
+------+-------+----------+----------------------------------------------------------------------------------+
; Port ; Type  ; Severity ; Details                                                                          ;
+------+-------+----------+----------------------------------------------------------------------------------+
; res  ; Input ; Info     ; Stuck at GND                                                                     ;
+------+-------+----------+----------------------------------------------------------------------------------+


+------------------------------------------------------------------------------------------------------------+
; Port Connectivity Checks: "CFB:CFB_inst|LEA_128:LEA_128_inst|register_32bit:\gen_T_Registers:2:T_Register" ;
+------+-------+----------+----------------------------------------------------------------------------------+
; Port ; Type  ; Severity ; Details                                                                          ;
+------+-------+----------+----------------------------------------------------------------------------------+
; res  ; Input ; Info     ; Stuck at GND                                                                     ;
+------+-------+----------+----------------------------------------------------------------------------------+


+------------------------------------------------------------------------------------------------------------+
; Port Connectivity Checks: "CFB:CFB_inst|LEA_128:LEA_128_inst|register_32bit:\gen_T_Registers:1:T_Register" ;
+------+-------+----------+----------------------------------------------------------------------------------+
; Port ; Type  ; Severity ; Details                                                                          ;
+------+-------+----------+----------------------------------------------------------------------------------+
; res  ; Input ; Info     ; Stuck at GND                                                                     ;
+------+-------+----------+----------------------------------------------------------------------------------+


+------------------------------------------------------------------------------------------------------------+
; Port Connectivity Checks: "CFB:CFB_inst|LEA_128:LEA_128_inst|register_32bit:\gen_T_Registers:0:T_Register" ;
+------+-------+----------+----------------------------------------------------------------------------------+
; Port ; Type  ; Severity ; Details                                                                          ;
+------+-------+----------+----------------------------------------------------------------------------------+
; res  ; Input ; Info     ; Stuck at GND                                                                     ;
+------+-------+----------+----------------------------------------------------------------------------------+


+-----------------------------------------------------------------------------------------------------------------+
; Port Connectivity Checks: "CFB:CFB_inst|LEA_128:LEA_128_inst|mux2to1_32bit:\gen_C_Multiplexers:3:C_Multiplexer" ;
+-------------+-------+----------+--------------------------------------------------------------------------------+
; Port        ; Type  ; Severity ; Details                                                                        ;
+-------------+-------+----------+--------------------------------------------------------------------------------+
; i_a[30..27] ; Input ; Info     ; Stuck at VCC                                                                   ;
; i_a[23..22] ; Input ; Info     ; Stuck at VCC                                                                   ;
; i_a[20..16] ; Input ; Info     ; Stuck at VCC                                                                   ;
; i_a[13..12] ; Input ; Info     ; Stuck at VCC                                                                   ;
; i_a[7..5]   ; Input ; Info     ; Stuck at VCC                                                                   ;
; i_a[3..2]   ; Input ; Info     ; Stuck at VCC                                                                   ;
; i_a[26..24] ; Input ; Info     ; Stuck at GND                                                                   ;
; i_a[15..14] ; Input ; Info     ; Stuck at GND                                                                   ;
; i_a[11..8]  ; Input ; Info     ; Stuck at GND                                                                   ;
; i_a[1..0]   ; Input ; Info     ; Stuck at GND                                                                   ;
; i_a[31]     ; Input ; Info     ; Stuck at GND                                                                   ;
; i_a[21]     ; Input ; Info     ; Stuck at GND                                                                   ;
; i_a[4]      ; Input ; Info     ; Stuck at GND                                                                   ;
+-------------+-------+----------+--------------------------------------------------------------------------------+


+-----------------------------------------------------------------------------------------------------------------+
; Port Connectivity Checks: "CFB:CFB_inst|LEA_128:LEA_128_inst|mux2to1_32bit:\gen_C_Multiplexers:2:C_Multiplexer" ;
+-------------+-------+----------+--------------------------------------------------------------------------------+
; Port        ; Type  ; Severity ; Details                                                                        ;
+-------------+-------+----------+--------------------------------------------------------------------------------+
; i_a[30..27] ; Input ; Info     ; Stuck at VCC                                                                   ;
; i_a[24..21] ; Input ; Info     ; Stuck at VCC                                                                   ;
; i_a[14..10] ; Input ; Info     ; Stuck at VCC                                                                   ;
; i_a[26..25] ; Input ; Info     ; Stuck at GND                                                                   ;
; i_a[20..18] ; Input ; Info     ; Stuck at GND                                                                   ;
; i_a[16..15] ; Input ; Info     ; Stuck at GND                                                                   ;
; i_a[9..8]   ; Input ; Info     ; Stuck at GND                                                                   ;
; i_a[6..4]   ; Input ; Info     ; Stuck at GND                                                                   ;
; i_a[31]     ; Input ; Info     ; Stuck at GND                                                                   ;
; i_a[17]     ; Input ; Info     ; Stuck at VCC                                                                   ;
; i_a[7]      ; Input ; Info     ; Stuck at VCC                                                                   ;
; i_a[3]      ; Input ; Info     ; Stuck at VCC                                                                   ;
; i_a[2]      ; Input ; Info     ; Stuck at GND                                                                   ;
; i_a[1]      ; Input ; Info     ; Stuck at VCC                                                                   ;
; i_a[0]      ; Input ; Info     ; Stuck at GND                                                                   ;
+-------------+-------+----------+--------------------------------------------------------------------------------+


+-----------------------------------------------------------------------------------------------------------------+
; Port Connectivity Checks: "CFB:CFB_inst|LEA_128:LEA_128_inst|mux2to1_32bit:\gen_C_Multiplexers:1:C_Multiplexer" ;
+-------------+-------+----------+--------------------------------------------------------------------------------+
; Port        ; Type  ; Severity ; Details                                                                        ;
+-------------+-------+----------+--------------------------------------------------------------------------------+
; i_a[22..21] ; Input ; Info     ; Stuck at VCC                                                                   ;
; i_a[14..13] ; Input ; Info     ; Stuck at VCC                                                                   ;
; i_a[9..8]   ; Input ; Info     ; Stuck at VCC                                                                   ;
; i_a[29..27] ; Input ; Info     ; Stuck at GND                                                                   ;
; i_a[25..23] ; Input ; Info     ; Stuck at GND                                                                   ;
; i_a[20..18] ; Input ; Info     ; Stuck at GND                                                                   ;
; i_a[16..15] ; Input ; Info     ; Stuck at GND                                                                   ;
; i_a[7..2]   ; Input ; Info     ; Stuck at GND                                                                   ;
; i_a[31]     ; Input ; Info     ; Stuck at GND                                                                   ;
; i_a[30]     ; Input ; Info     ; Stuck at VCC                                                                   ;
; i_a[26]     ; Input ; Info     ; Stuck at VCC                                                                   ;
; i_a[17]     ; Input ; Info     ; Stuck at VCC                                                                   ;
; i_a[12]     ; Input ; Info     ; Stuck at GND                                                                   ;
; i_a[11]     ; Input ; Info     ; Stuck at VCC                                                                   ;
; i_a[10]     ; Input ; Info     ; Stuck at GND                                                                   ;
; i_a[1]      ; Input ; Info     ; Stuck at VCC                                                                   ;
; i_a[0]      ; Input ; Info     ; Stuck at GND                                                                   ;
+-------------+-------+----------+--------------------------------------------------------------------------------+


+-----------------------------------------------------------------------------------------------------------------+
; Port Connectivity Checks: "CFB:CFB_inst|LEA_128:LEA_128_inst|mux2to1_32bit:\gen_C_Multiplexers:0:C_Multiplexer" ;
+-------------+-------+----------+--------------------------------------------------------------------------------+
; Port        ; Type  ; Severity ; Details                                                                        ;
+-------------+-------+----------+--------------------------------------------------------------------------------+
; i_a[31..30] ; Input ; Info     ; Stuck at VCC                                                                   ;
; i_a[25..21] ; Input ; Info     ; Stuck at VCC                                                                   ;
; i_a[19..13] ; Input ; Info     ; Stuck at VCC                                                                   ;
; i_a[8..6]   ; Input ; Info     ; Stuck at VCC                                                                   ;
; i_a[4..3]   ; Input ; Info     ; Stuck at VCC                                                                   ;
; i_a[1..0]   ; Input ; Info     ; Stuck at VCC                                                                   ;
; i_a[29..26] ; Input ; Info     ; Stuck at GND                                                                   ;
; i_a[10..9]  ; Input ; Info     ; Stuck at GND                                                                   ;
; i_a[20]     ; Input ; Info     ; Stuck at GND                                                                   ;
; i_a[12]     ; Input ; Info     ; Stuck at GND                                                                   ;
; i_a[11]     ; Input ; Info     ; Stuck at VCC                                                                   ;
; i_a[5]      ; Input ; Info     ; Stuck at GND                                                                   ;
; i_a[2]      ; Input ; Info     ; Stuck at GND                                                                   ;
+-------------+-------+----------+--------------------------------------------------------------------------------+


+------------------------------------------------------------------------------------------------------------+
; Port Connectivity Checks: "CFB:CFB_inst|LEA_128:LEA_128_inst|register_32bit:\gen_C_Registers:3:C_Register" ;
+------+-------+----------+----------------------------------------------------------------------------------+
; Port ; Type  ; Severity ; Details                                                                          ;
+------+-------+----------+----------------------------------------------------------------------------------+
; res  ; Input ; Info     ; Stuck at GND                                                                     ;
+------+-------+----------+----------------------------------------------------------------------------------+


+------------------------------------------------------------------------------------------------------------+
; Port Connectivity Checks: "CFB:CFB_inst|LEA_128:LEA_128_inst|register_32bit:\gen_C_Registers:2:C_Register" ;
+------+-------+----------+----------------------------------------------------------------------------------+
; Port ; Type  ; Severity ; Details                                                                          ;
+------+-------+----------+----------------------------------------------------------------------------------+
; res  ; Input ; Info     ; Stuck at GND                                                                     ;
+------+-------+----------+----------------------------------------------------------------------------------+


+------------------------------------------------------------------------------------------------------------+
; Port Connectivity Checks: "CFB:CFB_inst|LEA_128:LEA_128_inst|register_32bit:\gen_C_Registers:1:C_Register" ;
+------+-------+----------+----------------------------------------------------------------------------------+
; Port ; Type  ; Severity ; Details                                                                          ;
+------+-------+----------+----------------------------------------------------------------------------------+
; res  ; Input ; Info     ; Stuck at GND                                                                     ;
+------+-------+----------+----------------------------------------------------------------------------------+


+------------------------------------------------------------------------------------------------------------+
; Port Connectivity Checks: "CFB:CFB_inst|LEA_128:LEA_128_inst|register_32bit:\gen_C_Registers:0:C_Register" ;
+------+-------+----------+----------------------------------------------------------------------------------+
; Port ; Type  ; Severity ; Details                                                                          ;
+------+-------+----------+----------------------------------------------------------------------------------+
; res  ; Input ; Info     ; Stuck at GND                                                                     ;
+------+-------+----------+----------------------------------------------------------------------------------+


+---------------------------------------------------------------+
; Port Connectivity Checks: "CFB:CFB_inst|LEA_128:LEA_128_inst" ;
+---------+-------+----------+----------------------------------+
; Port    ; Type  ; Severity ; Details                          ;
+---------+-------+----------+----------------------------------+
; i_reset ; Input ; Info     ; Stuck at GND                     ;
+---------+-------+----------+----------------------------------+


+---------------------------------------------------------------+
; Port Connectivity Checks: "CFB:CFB_inst|mux2to1_128bit:IVMUX" ;
+------+-------+----------+-------------------------------------+
; Port ; Type  ; Severity ; Details                             ;
+------+-------+----------+-------------------------------------+
; i_b  ; Input ; Info     ; Stuck at GND                        ;
+------+-------+----------+-------------------------------------+


+-----------------------------------------------------------------------------------------------------------------------+
; Port Connectivity Checks: "UART_TX:UART_TX_inst"                                                                      ;
+-------------+--------+----------+-------------------------------------------------------------------------------------+
; Port        ; Type   ; Severity ; Details                                                                             ;
+-------------+--------+----------+-------------------------------------------------------------------------------------+
; o_tx_active ; Output ; Info     ; Connected to dangling logic. Logic that only feeds a dangling port will be removed. ;
+-------------+--------+----------+-------------------------------------------------------------------------------------+


+---------------------------------------------------------------------------------------------------------------------+
; Port Connectivity Checks: "UART_RX:UART_RX_inst"                                                                    ;
+-----------+--------+----------+-------------------------------------------------------------------------------------+
; Port      ; Type   ; Severity ; Details                                                                             ;
+-----------+--------+----------+-------------------------------------------------------------------------------------+
; o_rx_dv   ; Output ; Info     ; Connected to dangling logic. Logic that only feeds a dangling port will be removed. ;
; o_rx_byte ; Output ; Info     ; Connected to dangling logic. Logic that only feeds a dangling port will be removed. ;
+-----------+--------+----------+-------------------------------------------------------------------------------------+


+-----------------------------------------------------+
; Post-Synthesis Netlist Statistics for Top Partition ;
+-----------------------+-----------------------------+
; Type                  ; Count                       ;
+-----------------------+-----------------------------+
; boundary_port         ; 8                           ;
; cycloneiii_ff         ; 1235                        ;
;     CLR               ; 6                           ;
;     ENA               ; 1067                        ;
;     ENA SCLR          ; 25                          ;
;     ENA SLD           ; 96                          ;
;     plain             ; 41                          ;
; cycloneiii_lcell_comb ; 1472                        ;
;     arith             ; 243                         ;
;         2 data inputs ; 26                          ;
;         3 data inputs ; 217                         ;
;     normal            ; 1229                        ;
;         1 data inputs ; 6                           ;
;         2 data inputs ; 621                         ;
;         3 data inputs ; 196                         ;
;         4 data inputs ; 406                         ;
;                       ;                             ;
; Max LUT depth         ; 9.20                        ;
; Average LUT depth     ; 3.47                        ;
+-----------------------+-----------------------------+


+-------------------------------+
; Elapsed Time Per Partition    ;
+----------------+--------------+
; Partition Name ; Elapsed Time ;
+----------------+--------------+
; Top            ; 00:00:03     ;
+----------------+--------------+


+-------------------------------+
; Analysis & Synthesis Messages ;
+-------------------------------+
Info: *******************************************************************
Info: Running Quartus Prime Analysis & Synthesis
    Info: Version 23.1std.1 Build 993 05/14/2024 SC Lite Edition
    Info: Processing started: Sun Jan 12 22:07:36 2025
Info: Command: quartus_map --read_settings_files=on --write_settings_files=off TOP_UART -c TOP_UART
Warning (18236): Number of processors has not been specified which may cause overloading on shared machines.  Set the global assignment NUM_PARALLEL_PROCESSORS in your QSF to an appropriate value for best performance.
Info (20030): Parallel compilation is enabled and will use 4 of the 4 processors detected
Info (12021): Found 2 design units, including 1 entities, in source file /users/asus/documents/sisdig/priv_tubes_sisdig/sourcefile/uart_tx.vhd
    Info (12022): Found design unit 1: UART_TX-RTL File: C:/Users/ASUS/Documents/Sisdig/Priv_TUBES_SISDIG/SourceFile/UART_TX.vhd Line: 40
    Info (12023): Found entity 1: UART_TX File: C:/Users/ASUS/Documents/Sisdig/Priv_TUBES_SISDIG/SourceFile/UART_TX.vhd Line: 22
Info (12021): Found 2 design units, including 1 entities, in source file /users/asus/documents/sisdig/priv_tubes_sisdig/sourcefile/uart_rx.vhd
    Info (12022): Found design unit 1: UART_RX-rtl File: C:/Users/ASUS/Documents/Sisdig/Priv_TUBES_SISDIG/SourceFile/UART_RX.vhd Line: 40
    Info (12023): Found entity 1: UART_RX File: C:/Users/ASUS/Documents/Sisdig/Priv_TUBES_SISDIG/SourceFile/UART_RX.vhd Line: 23
Info (12021): Found 2 design units, including 1 entities, in source file /users/asus/documents/sisdig/priv_tubes_sisdig/sourcefile/top_uart_tb.vhd
    Info (12022): Found design unit 1: TOP_UART_tb-bench File: C:/Users/ASUS/Documents/Sisdig/Priv_TUBES_SISDIG/SourceFile/TOP_UART_tb.vhd Line: 12
    Info (12023): Found entity 1: TOP_UART_tb File: C:/Users/ASUS/Documents/Sisdig/Priv_TUBES_SISDIG/SourceFile/TOP_UART_tb.vhd Line: 9
Info (12021): Found 2 design units, including 1 entities, in source file /users/asus/documents/sisdig/priv_tubes_sisdig/sourcefile/top_uart.vhd
    Info (12022): Found design unit 1: TOP_UART-rtl File: C:/Users/ASUS/Documents/Sisdig/Priv_TUBES_SISDIG/SourceFile/TOP_UART.vhd Line: 44
    Info (12023): Found entity 1: TOP_UART File: C:/Users/ASUS/Documents/Sisdig/Priv_TUBES_SISDIG/SourceFile/TOP_UART.vhd Line: 22
Info (12021): Found 2 design units, including 1 entities, in source file /users/asus/documents/sisdig/priv_tubes_sisdig/sourcefile/reverseinput.vhd
    Info (12022): Found design unit 1: reverseinput-rtl File: C:/Users/ASUS/Documents/Sisdig/Priv_TUBES_SISDIG/SourceFile/reverseinput.vhd Line: 21
    Info (12023): Found entity 1: reverseinput File: C:/Users/ASUS/Documents/Sisdig/Priv_TUBES_SISDIG/SourceFile/reverseinput.vhd Line: 14
Info (12021): Found 2 design units, including 1 entities, in source file /users/asus/documents/sisdig/priv_tubes_sisdig/sourcefile/register_128bit.vhd
    Info (12022): Found design unit 1: register_128bit-behavior File: C:/Users/ASUS/Documents/Sisdig/Priv_TUBES_SISDIG/SourceFile/register_128bit.vhd Line: 19
    Info (12023): Found entity 1: register_128bit File: C:/Users/ASUS/Documents/Sisdig/Priv_TUBES_SISDIG/SourceFile/register_128bit.vhd Line: 11
Info (12021): Found 2 design units, including 1 entities, in source file /users/asus/documents/sisdig/priv_tubes_sisdig/sourcefile/register_32bit.vhd
    Info (12022): Found design unit 1: register_32bit-behavior File: C:/Users/ASUS/Documents/Sisdig/Priv_TUBES_SISDIG/SourceFile/register_32bit.vhd Line: 24
    Info (12023): Found entity 1: register_32bit File: C:/Users/ASUS/Documents/Sisdig/Priv_TUBES_SISDIG/SourceFile/register_32bit.vhd Line: 16
Info (12021): Found 2 design units, including 1 entities, in source file /users/asus/documents/sisdig/priv_tubes_sisdig/sourcefile/mux2to1_128bit.vhd
    Info (12022): Found design unit 1: mux2to1_128bit-rtl File: C:/Users/ASUS/Documents/Sisdig/Priv_TUBES_SISDIG/SourceFile/mux2to1_128bit.vhd Line: 23
    Info (12023): Found entity 1: mux2to1_128bit File: C:/Users/ASUS/Documents/Sisdig/Priv_TUBES_SISDIG/SourceFile/mux2to1_128bit.vhd Line: 14
Info (12021): Found 2 design units, including 1 entities, in source file /users/asus/documents/sisdig/priv_tubes_sisdig/sourcefile/mux2to1_32bit.vhd
    Info (12022): Found design unit 1: mux2to1_32bit-rtl File: C:/Users/ASUS/Documents/Sisdig/Priv_TUBES_SISDIG/SourceFile/mux2to1_32bit.vhd Line: 27
    Info (12023): Found entity 1: mux2to1_32bit File: C:/Users/ASUS/Documents/Sisdig/Priv_TUBES_SISDIG/SourceFile/mux2to1_32bit.vhd Line: 18
Info (12021): Found 2 design units, including 1 entities, in source file /users/asus/documents/sisdig/priv_tubes_sisdig/sourcefile/lea_encrypt_fsm.vhd
    Info (12022): Found design unit 1: lea_encrypt_fsm-behavior File: C:/Users/ASUS/Documents/Sisdig/Priv_TUBES_SISDIG/SourceFile/lea_encrypt_fsm.vhd Line: 33
    Info (12023): Found entity 1: lea_encrypt_fsm File: C:/Users/ASUS/Documents/Sisdig/Priv_TUBES_SISDIG/SourceFile/lea_encrypt_fsm.vhd Line: 26
Info (12021): Found 2 design units, including 1 entities, in source file /users/asus/documents/sisdig/priv_tubes_sisdig/sourcefile/lea_128_tb.vhd
    Info (12022): Found design unit 1: LEA_128_tb-bench File: C:/Users/ASUS/Documents/Sisdig/Priv_TUBES_SISDIG/SourceFile/LEA_128_tb.vhd Line: 12
    Info (12023): Found entity 1: LEA_128_tb File: C:/Users/ASUS/Documents/Sisdig/Priv_TUBES_SISDIG/SourceFile/LEA_128_tb.vhd Line: 9
Info (12021): Found 2 design units, including 1 entities, in source file /users/asus/documents/sisdig/priv_tubes_sisdig/sourcefile/lea_128_fsm_v2.vhd
    Info (12022): Found design unit 1: LEA_128_FSM_V2-rtl File: C:/Users/ASUS/Documents/Sisdig/Priv_TUBES_SISDIG/SourceFile/LEA_128_FSM_V2.vhd Line: 17
    Info (12023): Found entity 1: LEA_128_FSM_V2 File: C:/Users/ASUS/Documents/Sisdig/Priv_TUBES_SISDIG/SourceFile/LEA_128_FSM_V2.vhd Line: 6
Info (12021): Found 2 design units, including 1 entities, in source file /users/asus/documents/sisdig/priv_tubes_sisdig/sourcefile/lea_128.vhd
    Info (12022): Found design unit 1: LEA_128-rtl File: C:/Users/ASUS/Documents/Sisdig/Priv_TUBES_SISDIG/SourceFile/LEA_128.vhd Line: 37
    Info (12023): Found entity 1: LEA_128 File: C:/Users/ASUS/Documents/Sisdig/Priv_TUBES_SISDIG/SourceFile/LEA_128.vhd Line: 27
Warning (12019): Can't analyze file -- file ../cypher_block.vhd is missing
Info (12021): Found 2 design units, including 1 entities, in source file /users/asus/documents/sisdig/priv_tubes_sisdig/sourcefile/counter_24.vhd
    Info (12022): Found design unit 1: counter_24-rtl File: C:/Users/ASUS/Documents/Sisdig/Priv_TUBES_SISDIG/SourceFile/counter_24.vhd Line: 15
    Info (12023): Found entity 1: counter_24 File: C:/Users/ASUS/Documents/Sisdig/Priv_TUBES_SISDIG/SourceFile/counter_24.vhd Line: 6
Info (12021): Found 2 design units, including 1 entities, in source file /users/asus/documents/sisdig/priv_tubes_sisdig/sourcefile/cfb_tb.vhd
    Info (12022): Found design unit 1: CFB_tb-bench File: C:/Users/ASUS/Documents/Sisdig/Priv_TUBES_SISDIG/SourceFile/CFB_tb.vhd Line: 12
    Info (12023): Found entity 1: CFB_tb File: C:/Users/ASUS/Documents/Sisdig/Priv_TUBES_SISDIG/SourceFile/CFB_tb.vhd Line: 9
Info (12021): Found 2 design units, including 1 entities, in source file /users/asus/documents/sisdig/priv_tubes_sisdig/sourcefile/cfb.vhd
    Info (12022): Found design unit 1: CFB-rtl File: C:/Users/ASUS/Documents/Sisdig/Priv_TUBES_SISDIG/SourceFile/CFB.vhd Line: 38
    Info (12023): Found entity 1: CFB File: C:/Users/ASUS/Documents/Sisdig/Priv_TUBES_SISDIG/SourceFile/CFB.vhd Line: 24
Info (12127): Elaborating entity "TOP_UART" for the top level hierarchy
Warning (10036): Verilog HDL or VHDL warning at TOP_UART.vhd(46): object "s_RX_DV" assigned a value but never read File: C:/Users/ASUS/Documents/Sisdig/Priv_TUBES_SISDIG/SourceFile/TOP_UART.vhd Line: 46
Warning (10036): Verilog HDL or VHDL warning at TOP_UART.vhd(48): object "s_RX_Byte" assigned a value but never read File: C:/Users/ASUS/Documents/Sisdig/Priv_TUBES_SISDIG/SourceFile/TOP_UART.vhd Line: 48
Warning (10036): Verilog HDL or VHDL warning at TOP_UART.vhd(69): object "s_TX_Active" assigned a value but never read File: C:/Users/ASUS/Documents/Sisdig/Priv_TUBES_SISDIG/SourceFile/TOP_UART.vhd Line: 69
Warning (10492): VHDL Process Statement warning at TOP_UART.vhd(238): signal "s_reset" is read inside the Process Statement but isn't in the Process Statement's sensitivity list File: C:/Users/ASUS/Documents/Sisdig/Priv_TUBES_SISDIG/SourceFile/TOP_UART.vhd Line: 238
Info (12128): Elaborating entity "UART_RX" for hierarchy "UART_RX:UART_RX_inst" File: C:/Users/ASUS/Documents/Sisdig/Priv_TUBES_SISDIG/SourceFile/TOP_UART.vhd Line: 134
Info (12128): Elaborating entity "UART_TX" for hierarchy "UART_TX:UART_TX_inst" File: C:/Users/ASUS/Documents/Sisdig/Priv_TUBES_SISDIG/SourceFile/TOP_UART.vhd Line: 149
Warning (10036): Verilog HDL or VHDL warning at UART_TX.vhd(51): object "r_TX_Done" assigned a value but never read File: C:/Users/ASUS/Documents/Sisdig/Priv_TUBES_SISDIG/SourceFile/UART_TX.vhd Line: 51
Info (12128): Elaborating entity "CFB" for hierarchy "CFB:CFB_inst" File: C:/Users/ASUS/Documents/Sisdig/Priv_TUBES_SISDIG/SourceFile/TOP_UART.vhd Line: 164
Warning (10540): VHDL Signal Declaration warning at CFB.vhd(68): used explicit default value for signal "STOP_LEA" because signal was never assigned a value File: C:/Users/ASUS/Documents/Sisdig/Priv_TUBES_SISDIG/SourceFile/CFB.vhd Line: 68
Info (12128): Elaborating entity "register_128bit" for hierarchy "CFB:CFB_inst|register_128bit:Key" File: C:/Users/ASUS/Documents/Sisdig/Priv_TUBES_SISDIG/SourceFile/CFB.vhd Line: 91
Info (12128): Elaborating entity "mux2to1_128bit" for hierarchy "CFB:CFB_inst|mux2to1_128bit:IVMUX" File: C:/Users/ASUS/Documents/Sisdig/Priv_TUBES_SISDIG/SourceFile/CFB.vhd Line: 116
Info (12128): Elaborating entity "LEA_128" for hierarchy "CFB:CFB_inst|LEA_128:LEA_128_inst" File: C:/Users/ASUS/Documents/Sisdig/Priv_TUBES_SISDIG/SourceFile/CFB.vhd Line: 138
Warning (10036): Verilog HDL or VHDL warning at LEA_128.vhd(92): object "s_reset" assigned a value but never read File: C:/Users/ASUS/Documents/Sisdig/Priv_TUBES_SISDIG/SourceFile/LEA_128.vhd Line: 92
Warning (10631): VHDL Process Statement warning at LEA_128.vhd(310): inferring latch(es) for signal or variable "s_PMUX", which holds its previous value in one or more paths through the process File: C:/Users/ASUS/Documents/Sisdig/Priv_TUBES_SISDIG/SourceFile/LEA_128.vhd Line: 310
Warning (10631): VHDL Process Statement warning at LEA_128.vhd(310): inferring latch(es) for signal or variable "s_KMUX", which holds its previous value in one or more paths through the process File: C:/Users/ASUS/Documents/Sisdig/Priv_TUBES_SISDIG/SourceFile/LEA_128.vhd Line: 310
Warning (10631): VHDL Process Statement warning at LEA_128.vhd(310): inferring latch(es) for signal or variable "s_CMUX", which holds its previous value in one or more paths through the process File: C:/Users/ASUS/Documents/Sisdig/Priv_TUBES_SISDIG/SourceFile/LEA_128.vhd Line: 310
Warning (10631): VHDL Process Statement warning at LEA_128.vhd(310): inferring latch(es) for signal or variable "s_En_Reg_All", which holds its previous value in one or more paths through the process File: C:/Users/ASUS/Documents/Sisdig/Priv_TUBES_SISDIG/SourceFile/LEA_128.vhd Line: 310
Warning (10631): VHDL Process Statement warning at LEA_128.vhd(310): inferring latch(es) for signal or variable "s_En_Ctr", which holds its previous value in one or more paths through the process File: C:/Users/ASUS/Documents/Sisdig/Priv_TUBES_SISDIG/SourceFile/LEA_128.vhd Line: 310
Warning (10631): VHDL Process Statement warning at LEA_128.vhd(310): inferring latch(es) for signal or variable "s_Res_Ctr", which holds its previous value in one or more paths through the process File: C:/Users/ASUS/Documents/Sisdig/Priv_TUBES_SISDIG/SourceFile/LEA_128.vhd Line: 310
Warning (10631): VHDL Process Statement warning at LEA_128.vhd(310): inferring latch(es) for signal or variable "s_Res_Reg_All", which holds its previous value in one or more paths through the process File: C:/Users/ASUS/Documents/Sisdig/Priv_TUBES_SISDIG/SourceFile/LEA_128.vhd Line: 310
Info (10041): Inferred latch for "s_Res_Reg_All" at LEA_128.vhd(310) File: C:/Users/ASUS/Documents/Sisdig/Priv_TUBES_SISDIG/SourceFile/LEA_128.vhd Line: 310
Info (10041): Inferred latch for "s_Res_Ctr" at LEA_128.vhd(310) File: C:/Users/ASUS/Documents/Sisdig/Priv_TUBES_SISDIG/SourceFile/LEA_128.vhd Line: 310
Info (10041): Inferred latch for "s_En_Ctr" at LEA_128.vhd(310) File: C:/Users/ASUS/Documents/Sisdig/Priv_TUBES_SISDIG/SourceFile/LEA_128.vhd Line: 310
Info (10041): Inferred latch for "s_En_Reg_All" at LEA_128.vhd(310) File: C:/Users/ASUS/Documents/Sisdig/Priv_TUBES_SISDIG/SourceFile/LEA_128.vhd Line: 310
Info (10041): Inferred latch for "s_CMUX" at LEA_128.vhd(310) File: C:/Users/ASUS/Documents/Sisdig/Priv_TUBES_SISDIG/SourceFile/LEA_128.vhd Line: 310
Info (10041): Inferred latch for "s_KMUX" at LEA_128.vhd(310) File: C:/Users/ASUS/Documents/Sisdig/Priv_TUBES_SISDIG/SourceFile/LEA_128.vhd Line: 310
Info (10041): Inferred latch for "s_PMUX" at LEA_128.vhd(310) File: C:/Users/ASUS/Documents/Sisdig/Priv_TUBES_SISDIG/SourceFile/LEA_128.vhd Line: 310
Info (12128): Elaborating entity "reverseinput" for hierarchy "CFB:CFB_inst|LEA_128:LEA_128_inst|reverseinput:Masterkey_State_Representation" File: C:/Users/ASUS/Documents/Sisdig/Priv_TUBES_SISDIG/SourceFile/LEA_128.vhd Line: 124
Info (12128): Elaborating entity "counter_24" for hierarchy "CFB:CFB_inst|LEA_128:LEA_128_inst|counter_24:counter_24_inst" File: C:/Users/ASUS/Documents/Sisdig/Priv_TUBES_SISDIG/SourceFile/LEA_128.vhd Line: 164
Info (12128): Elaborating entity "register_32bit" for hierarchy "CFB:CFB_inst|LEA_128:LEA_128_inst|register_32bit:\gen_C_Registers:0:C_Register" File: C:/Users/ASUS/Documents/Sisdig/Priv_TUBES_SISDIG/SourceFile/LEA_128.vhd Line: 175
Info (12128): Elaborating entity "mux2to1_32bit" for hierarchy "CFB:CFB_inst|LEA_128:LEA_128_inst|mux2to1_32bit:\gen_C_Multiplexers:0:C_Multiplexer" File: C:/Users/ASUS/Documents/Sisdig/Priv_TUBES_SISDIG/SourceFile/LEA_128.vhd Line: 187
Info (286030): Timing-Driven Synthesis is running
Info (16010): Generating hard_block partition "hard_block:auto_generated_inst"
    Info (16011): Adding 0 node(s), including 0 DDIO, 0 PLL, 0 transceiver and 0 LCELL
Info (21057): Implemented 1995 device resources after synthesis - the final resource count might be different
    Info (21058): Implemented 4 input pins
    Info (21059): Implemented 4 output pins
    Info (21061): Implemented 1987 logic cells
Info: Quartus Prime Analysis & Synthesis was successful. 0 errors, 16 warnings
    Info: Peak virtual memory: 4812 megabytes
    Info: Processing ended: Sun Jan 12 22:07:55 2025
    Info: Elapsed time: 00:00:19
    Info: Total CPU time (on all processors): 00:00:27


